// Vitest Snapshot v1, https://vitest.dev/guide/snapshot.html

exports[`stable MCP surface > advertises codex sandbox metadata and exactly three snapshotted tools 1`] = `
[
  {
    "inputSchema": {
      "$schema": "http://json-schema.org/draft-07/schema#",
      "additionalProperties": false,
      "properties": {
        "base_ref": {
          "maxLength": 1024,
          "minLength": 1,
          "type": "string",
        },
        "contract": {
          "additionalProperties": false,
          "properties": {
            "acceptance_criteria": {
              "items": {
                "additionalProperties": false,
                "properties": {
                  "evidence": {
                    "enum": [
                      "automated",
                      "review",
                    ],
                    "type": "string",
                  },
                  "id": {
                    "pattern": "^[A-Za-z][A-Za-z0-9._-]{0,63}$",
                    "type": "string",
                  },
                  "requirement": {
                    "$ref": "#/properties/contract/properties/objective",
                  },
                },
                "required": [
                  "id",
                  "requirement",
                  "evidence",
                ],
                "type": "object",
              },
              "maxItems": 1000,
              "minItems": 1,
              "type": "array",
            },
            "allowed_commands": {
              "items": {
                "additionalProperties": false,
                "properties": {
                  "argv": {
                    "items": {
                      "maxLength": 4096,
                      "type": "string",
                    },
                    "maxItems": 128,
                    "minItems": 1,
                    "type": "array",
                  },
                  "cwd": {
                    "maxLength": 1024,
                    "type": "string",
                  },
                  "id": {
                    "$ref": "#/properties/contract/properties/acceptance_criteria/items/properties/id",
                  },
                  "timeout_seconds": {
                    "maximum": 1800,
                    "minimum": 1,
                    "type": "integer",
                  },
                },
                "required": [
                  "id",
                  "argv",
                ],
                "type": "object",
              },
              "maxItems": 256,
              "type": "array",
            },
            "file_assertions": {
              "items": {
                "additionalProperties": false,
                "properties": {
                  "expected_utf8": {
                    "maxLength": 65536,
                    "type": "string",
                  },
                  "id": {
                    "$ref": "#/properties/contract/properties/acceptance_criteria/items/properties/id",
                  },
                  "path": {
                    "maxLength": 1024,
                    "minLength": 1,
                    "type": "string",
                  },
                  "proves": {
                    "items": {
                      "$ref": "#/properties/contract/properties/acceptance_criteria/items/properties/id",
                    },
                    "maxItems": 256,
                    "minItems": 1,
                    "type": "array",
                  },
                },
                "required": [
                  "id",
                  "path",
                  "expected_utf8",
                  "proves",
                ],
                "type": "object",
              },
              "maxItems": 256,
              "type": "array",
            },
            "forbidden_scope": {
              "default": [],
              "description": "Optional sensitive carve-outs inside broader write scopes; never use a catch-all pattern that matches a concrete write_scope target.",
              "items": {
                "maxLength": 1024,
                "minLength": 1,
                "type": "string",
              },
              "maxItems": 1000,
              "type": "array",
            },
            "invariants": {
              "default": [],
              "items": {
                "$ref": "#/properties/contract/properties/objective",
              },
              "maxItems": 1000,
              "type": "array",
            },
            "non_goals": {
              "default": [],
              "items": {
                "$ref": "#/properties/contract/properties/objective",
              },
              "maxItems": 1000,
              "type": "array",
            },
            "objective": {
              "maxLength": 20000,
              "minLength": 1,
              "type": "string",
            },
            "pause_conditions": {
              "default": [],
              "items": {
                "$ref": "#/properties/contract/properties/objective",
              },
              "maxItems": 1000,
              "type": "array",
            },
            "schema_version": {
              "const": 1,
              "type": "number",
            },
            "user_outcome": {
              "$ref": "#/properties/contract/properties/objective",
            },
            "verification": {
              "items": {
                "additionalProperties": false,
                "properties": {
                  "argv": {
                    "items": {
                      "maxLength": 4096,
                      "type": "string",
                    },
                    "maxItems": 128,
                    "minItems": 1,
                    "type": "array",
                  },
                  "cwd": {
                    "maxLength": 1024,
                    "type": "string",
                  },
                  "id": {
                    "$ref": "#/properties/contract/properties/acceptance_criteria/items/properties/id",
                  },
                  "proves": {
                    "items": {
                      "$ref": "#/properties/contract/properties/acceptance_criteria/items/properties/id",
                    },
                    "maxItems": 256,
                    "minItems": 1,
                    "type": "array",
                  },
                  "timeout_seconds": {
                    "maximum": 1800,
                    "minimum": 1,
                    "type": "integer",
                  },
                },
                "required": [
                  "id",
                  "argv",
                  "proves",
                ],
                "type": "object",
              },
              "maxItems": 256,
              "type": "array",
            },
            "verified_context": {
              "default": [],
              "items": {
                "additionalProperties": false,
                "properties": {
                  "path": {
                    "maxLength": 1024,
                    "minLength": 1,
                    "type": "string",
                  },
                  "reason": {
                    "$ref": "#/properties/contract/properties/objective",
                  },
                },
                "required": [
                  "path",
                  "reason",
                ],
                "type": "object",
              },
              "maxItems": 1000,
              "type": "array",
            },
            "write_scope": {
              "description": "Exclusive repository-relative write allowlist; every path not listed is already denied. An empty list makes the task read-only.",
              "items": {
                "maxLength": 1024,
                "minLength": 1,
                "type": "string",
              },
              "maxItems": 1000,
              "type": "array",
            },
          },
          "required": [
            "schema_version",
            "objective",
            "user_outcome",
            "write_scope",
            "acceptance_criteria",
            "verification",
          ],
          "type": "object",
        },
        "execution_timeout_seconds": {
          "description": "Task execution deadline. New fast-lane tasks default to 600 seconds and deep-lane tasks to 3600 seconds; omitted resumes preserve the stored value. A wait timeout never cancels the worker.",
          "maximum": 14400,
          "minimum": 60,
          "type": "integer",
        },
        "path_base": {
          "description": "Defaults to cwd for new tasks; omitted legacy resumes preserve stored semantics.",
          "enum": [
            "cwd",
            "repository",
          ],
          "type": "string",
        },
        "pause_reason_hash": {
          "pattern": "^[0-9a-f]{64}$",
          "type": "string",
        },
        "pause_revision": {
          "minimum": 0,
          "type": "integer",
        },
        "reasoning_effort": {
          "description": "Reasoning effort; low is the lowest supported value for new tasks.",
          "enum": [
            "low",
            "medium",
            "high",
            "max",
          ],
          "type": "string",
        },
        "resume": {
          "default": true,
          "type": "boolean",
        },
        "task_id": {
          "maxLength": 64,
          "minLength": 1,
          "type": "string",
        },
        "wait_mode": {
          "default": "review",
          "enum": [
            "review",
            "background",
          ],
          "type": "string",
        },
        "wait_timeout_seconds": {
          "default": 600,
          "maximum": 600,
          "minimum": 0,
          "type": "integer",
        },
        "worker_lane": {
          "description": "Worker execution lane. fast (default) is a direct-edit Reasonix session without Goal/AutoResearch/subagents; deep is an explicit long-horizon Goal session. Omitted resumes preserve the stored lane.",
          "enum": [
            "fast",
            "deep",
          ],
          "type": "string",
        },
      },
      "required": [
        "task_id",
        "contract",
      ],
      "type": "object",
    },
    "name": "reasonix_delegate",
    "outputSchema": {
      "$schema": "http://json-schema.org/draft-07/schema#",
      "additionalProperties": false,
      "properties": {
        "active_interaction": {
          "additionalProperties": false,
          "properties": {
            "createdAt": {
              "type": "string",
            },
            "id": {
              "type": "string",
            },
            "kind": {
              "enum": [
                "permission",
                "input",
              ],
              "type": "string",
            },
            "request": {
              "additionalProperties": {},
              "type": "object",
            },
            "resolvedAt": {
              "type": "string",
            },
            "response": {
              "additionalProperties": {},
              "type": "object",
            },
            "status": {
              "enum": [
                "pending",
                "resolved",
                "cancelled",
              ],
              "type": "string",
            },
          },
          "required": [
            "id",
            "kind",
            "status",
            "createdAt",
            "request",
          ],
          "type": "object",
        },
        "branch": {
          "minLength": 1,
          "type": "string",
        },
        "changed_files": {
          "items": {
            "maxLength": 1024,
            "type": "string",
          },
          "maxItems": 256,
          "type": "array",
        },
        "commit_hash": {
          "pattern": "^[0-9a-f]{40,64}$",
          "type": "string",
        },
        "contract_hash": {
          "pattern": "^[0-9a-f]{64}$",
          "type": "string",
        },
        "diff": {
          "maxLength": 12288,
          "type": "string",
        },
        "diff_stat": {
          "maxLength": 4096,
          "type": "string",
        },
        "effective_reasoning_effort": {
          "enum": [
            "minimal",
            "low",
            "medium",
            "high",
            "max",
          ],
          "type": "string",
        },
        "execution_timeout_seconds": {
          "maximum": 14400,
          "minimum": 60,
          "type": "integer",
        },
        "inspect_required": {
          "type": "boolean",
        },
        "integration_command": {
          "maxLength": 1024,
          "minLength": 1,
          "type": "string",
        },
        "pause_reason_hash": {
          "pattern": "^[0-9a-f]{64}$",
          "type": "string",
        },
        "pause_revision": {
          "minimum": 0,
          "type": "integer",
        },
        "phase": {
          "type": "string",
        },
        "reason": {
          "type": "string",
        },
        "reasonix_session_mode": {
          "minLength": 1,
          "type": "string",
        },
        "reasonix_work_mode": {
          "minLength": 1,
          "type": "string",
        },
        "repair_rounds": {
          "minimum": 0,
          "type": "integer",
        },
        "repository_id": {
          "minLength": 1,
          "type": "string",
        },
        "requested_reasoning_effort": {
          "enum": [
            "minimal",
            "low",
            "medium",
            "high",
            "max",
          ],
          "type": "string",
        },
        "required_review_criteria": {
          "items": {
            "maxLength": 64,
            "minLength": 1,
            "type": "string",
          },
          "maxItems": 1000,
          "type": "array",
        },
        "resume_required": {
          "type": "boolean",
        },
        "review_diff_sha256": {
          "pattern": "^[0-9a-f]{64}$",
          "type": "string",
        },
        "review_revision": {
          "minimum": 0,
          "type": "integer",
        },
        "review_tree_hash": {
          "pattern": "^[0-9a-f]{40}$",
          "type": "string",
        },
        "risks": {
          "items": {
            "maxLength": 2048,
            "type": "string",
          },
          "maxItems": 128,
          "type": "array",
        },
        "session_id": {
          "minLength": 1,
          "type": "string",
        },
        "source_checkout_integrated": {
          "const": false,
          "type": "boolean",
        },
        "source_collision": {
          "additionalProperties": false,
          "properties": {
            "baseCommit": {
              "minLength": 1,
              "type": "string",
            },
            "checkpoint": {
              "minLength": 1,
              "type": "string",
            },
            "committedPaths": {
              "items": {
                "type": "string",
              },
              "type": "array",
            },
            "detectedAt": {
              "minLength": 1,
              "type": "string",
            },
            "dirtyPaths": {
              "items": {
                "type": "string",
              },
              "type": "array",
            },
            "overlappingPaths": {
              "items": {
                "type": "string",
              },
              "type": "array",
            },
            "sourceHead": {
              "minLength": 1,
              "type": "string",
            },
            "unavailable": {
              "type": "boolean",
            },
          },
          "required": [
            "checkpoint",
            "baseCommit",
            "dirtyPaths",
            "committedPaths",
            "overlappingPaths",
            "unavailable",
            "detectedAt",
          ],
          "type": "object",
        },
        "state": {
          "enum": [
            "provisioning",
            "running",
            "waiting_permission",
            "waiting_input",
            "paused",
            "review_required",
            "verifying",
            "completed",
            "commit_failed",
            "failed",
            "cancelled",
            "closed",
          ],
          "type": "string",
        },
        "summary": {
          "maxLength": 4096,
          "type": "string",
        },
        "task_id": {
          "maxLength": 64,
          "minLength": 1,
          "type": "string",
        },
        "timed_out": {
          "type": "boolean",
        },
        "updated_at": {
          "minLength": 1,
          "type": "string",
        },
        "usage": {
          "additionalProperties": false,
          "properties": {
            "cacheHitRatio": {
              "anyOf": [
                {
                  "maximum": 1,
                  "minimum": 0,
                  "type": "number",
                },
                {
                  "type": "null",
                },
              ],
            },
            "cacheHitTokens": {
              "minimum": 0,
              "type": "number",
            },
            "cacheMissTokens": {
              "minimum": 0,
              "type": "number",
            },
            "completionTokens": {
              "minimum": 0,
              "type": "number",
            },
            "currency": {
              "type": [
                "string",
                "null",
              ],
            },
            "estimatedCost": {
              "anyOf": [
                {
                  "minimum": 0,
                  "type": "number",
                },
                {
                  "type": "null",
                },
              ],
            },
            "promptTokens": {
              "minimum": 0,
              "type": "number",
            },
            "reasoningTokens": {
              "minimum": 0,
              "type": "number",
            },
            "usageSource": {
              "type": "string",
            },
          },
          "required": [
            "promptTokens",
            "completionTokens",
            "reasoningTokens",
            "cacheHitTokens",
            "cacheMissTokens",
            "cacheHitRatio",
            "estimatedCost",
            "currency",
            "usageSource",
          ],
          "type": "object",
        },
        "worker_lane": {
          "enum": [
            "fast",
            "deep",
          ],
          "type": "string",
        },
        "worktree": {
          "minLength": 1,
          "type": "string",
        },
      },
      "required": [
        "task_id",
        "state",
        "phase",
        "contract_hash",
        "repository_id",
        "branch",
        "worktree",
        "worker_lane",
        "requested_reasoning_effort",
        "effective_reasoning_effort",
        "execution_timeout_seconds",
        "source_checkout_integrated",
        "repair_rounds",
        "updated_at",
      ],
      "type": "object",
    },
  },
  {
    "inputSchema": {
      "$schema": "http://json-schema.org/draft-07/schema#",
      "additionalProperties": false,
      "properties": {
        "action": {
          "enum": [
            "steer",
            "respond",
            "cancel",
            "finalize",
            "close",
          ],
          "type": "string",
        },
        "answer": {
          "description": "Optional free-form answer for action respond; omit for other actions.",
          "maxLength": 10000,
          "minLength": 1,
          "type": "string",
        },
        "approved_review_criteria": {
          "description": "Required when action is finalize; omit for other actions. Any valid acceptance id is accepted; automated ids are ignored for approval, but every review-evidence criterion must be present.",
          "items": {
            "maxLength": 64,
            "minLength": 1,
            "type": "string",
          },
          "maxItems": 1000,
          "type": "array",
        },
        "commit_message": {
          "description": "Optional commit message for action finalize; omit for other actions.",
          "maxLength": 5000,
          "minLength": 1,
          "type": "string",
        },
        "decision": {
          "description": "Required when action is respond; omit for other actions.",
          "enum": [
            "allow",
            "deny",
          ],
          "type": "string",
        },
        "expected_review_revision": {
          "description": "Required when action is finalize: copy review_revision from the reviewed task view. Omit for other actions.",
          "minimum": 0,
          "type": "integer",
        },
        "expected_review_tree_hash": {
          "description": "Required when action is finalize: copy review_tree_hash from the reviewed task view. Omit for other actions.",
          "pattern": "^[0-9a-f]{40}$",
          "type": "string",
        },
        "interaction_id": {
          "description": "Required when action is respond; omit for other actions.",
          "maxLength": 256,
          "minLength": 1,
          "type": "string",
        },
        "message": {
          "description": "Required when action is steer; omit for other actions.",
          "maxLength": 20000,
          "minLength": 0,
          "type": "string",
        },
        "option_id": {
          "description": "Optional offered option for action respond; omit for other actions.",
          "maxLength": 1024,
          "minLength": 1,
          "type": "string",
        },
        "review_summary": {
          "description": "Required when action is finalize; omit for other actions.",
          "maxLength": 20000,
          "minLength": 1,
          "type": "string",
        },
        "task_id": {
          "maxLength": 64,
          "minLength": 1,
          "type": "string",
        },
        "wait_timeout_seconds": {
          "description": "Optional wait timeout for action finalize; omit for other actions.",
          "maximum": 600,
          "minimum": 0,
          "type": "integer",
        },
      },
      "required": [
        "task_id",
        "action",
      ],
      "type": "object",
    },
    "name": "reasonix_control",
    "outputSchema": {
      "$schema": "http://json-schema.org/draft-07/schema#",
      "additionalProperties": false,
      "properties": {
        "branch": {
          "minLength": 1,
          "type": "string",
        },
        "commit_hash": {
          "pattern": "^[0-9a-f]{40,64}$",
          "type": "string",
        },
        "contract_hash": {
          "pattern": "^[0-9a-f]{64}$",
          "type": "string",
        },
        "effective_reasoning_effort": {
          "enum": [
            "minimal",
            "low",
            "medium",
            "high",
            "max",
          ],
          "type": "string",
        },
        "execution_timeout_seconds": {
          "maximum": 14400,
          "minimum": 60,
          "type": "integer",
        },
        "integration_command": {
          "maxLength": 1024,
          "minLength": 1,
          "type": "string",
        },
        "pause_reason_hash": {
          "pattern": "^[0-9a-f]{64}$",
          "type": "string",
        },
        "pause_revision": {
          "minimum": 0,
          "type": "integer",
        },
        "phase": {
          "type": "string",
        },
        "reason": {
          "type": "string",
        },
        "reasonix_session_mode": {
          "minLength": 1,
          "type": "string",
        },
        "reasonix_work_mode": {
          "minLength": 1,
          "type": "string",
        },
        "repair_rounds": {
          "minimum": 0,
          "type": "integer",
        },
        "repository_id": {
          "minLength": 1,
          "type": "string",
        },
        "requested_reasoning_effort": {
          "enum": [
            "minimal",
            "low",
            "medium",
            "high",
            "max",
          ],
          "type": "string",
        },
        "review_revision": {
          "minimum": 0,
          "type": "integer",
        },
        "review_tree_hash": {
          "pattern": "^[0-9a-f]{40}$",
          "type": "string",
        },
        "session_id": {
          "minLength": 1,
          "type": "string",
        },
        "source_checkout_integrated": {
          "const": false,
          "type": "boolean",
        },
        "source_collision": {
          "additionalProperties": false,
          "properties": {
            "baseCommit": {
              "minLength": 1,
              "type": "string",
            },
            "checkpoint": {
              "minLength": 1,
              "type": "string",
            },
            "committedPaths": {
              "items": {
                "type": "string",
              },
              "type": "array",
            },
            "detectedAt": {
              "minLength": 1,
              "type": "string",
            },
            "dirtyPaths": {
              "items": {
                "type": "string",
              },
              "type": "array",
            },
            "overlappingPaths": {
              "items": {
                "type": "string",
              },
              "type": "array",
            },
            "sourceHead": {
              "minLength": 1,
              "type": "string",
            },
            "unavailable": {
              "type": "boolean",
            },
          },
          "required": [
            "checkpoint",
            "baseCommit",
            "dirtyPaths",
            "committedPaths",
            "overlappingPaths",
            "unavailable",
            "detectedAt",
          ],
          "type": "object",
        },
        "state": {
          "enum": [
            "provisioning",
            "running",
            "waiting_permission",
            "waiting_input",
            "paused",
            "review_required",
            "verifying",
            "completed",
            "commit_failed",
            "failed",
            "cancelled",
            "closed",
          ],
          "type": "string",
        },
        "task_id": {
          "maxLength": 64,
          "minLength": 1,
          "type": "string",
        },
        "updated_at": {
          "minLength": 1,
          "type": "string",
        },
        "worker_lane": {
          "enum": [
            "fast",
            "deep",
          ],
          "type": "string",
        },
        "worktree": {
          "minLength": 1,
          "type": "string",
        },
      },
      "required": [
        "task_id",
        "state",
        "phase",
        "contract_hash",
        "repository_id",
        "branch",
        "worktree",
        "worker_lane",
        "requested_reasoning_effort",
        "effective_reasoning_effort",
        "execution_timeout_seconds",
        "source_checkout_integrated",
        "repair_rounds",
        "updated_at",
      ],
      "type": "object",
    },
  },
  {
    "inputSchema": {
      "$schema": "http://json-schema.org/draft-07/schema#",
      "additionalProperties": false,
      "properties": {
        "cursor": {
          "maxLength": 8192,
          "minLength": 1,
          "type": "string",
        },
        "include": {
          "items": {
            "enum": [
              "status",
              "summary",
              "changed_files",
              "diff_stat",
              "diff",
              "verification",
              "acceptance_evidence",
              "risks",
              "usage",
              "interactions",
              "events",
            ],
            "type": "string",
          },
          "maxItems": 11,
          "type": "array",
        },
        "max_bytes": {
          "maximum": 65536,
          "minimum": 1024,
          "type": "integer",
        },
        "task_id": {
          "maxLength": 64,
          "minLength": 1,
          "type": "string",
        },
        "wait_ms": {
          "maximum": 30000,
          "minimum": 0,
          "type": "integer",
        },
        "wait_until": {
          "default": "change",
          "enum": [
            "change",
            "review_required",
            "interaction",
            "terminal",
          ],
          "type": "string",
        },
      },
      "required": [
        "task_id",
      ],
      "type": "object",
    },
    "name": "reasonix_inspect",
    "outputSchema": {
      "$schema": "http://json-schema.org/draft-07/schema#",
      "additionalProperties": false,
      "properties": {
        "next_cursor": {
          "type": "string",
        },
        "sections": {
          "additionalProperties": false,
          "properties": {
            "acceptance_evidence": {
              "anyOf": [
                {
                  "items": {
                    "additionalProperties": false,
                    "properties": {
                      "approved": {
                        "type": "boolean",
                      },
                      "criterionId": {
                        "type": "string",
                      },
                      "evidence": {
                        "enum": [
                          "automated",
                          "review",
                        ],
                        "type": "string",
                      },
                      "outputBytes": {
                        "minimum": 0,
                        "type": "integer",
                      },
                      "sha256": {
                        "type": "string",
                      },
                      "source": {
                        "type": "string",
                      },
                    },
                    "required": [
                      "criterionId",
                      "evidence",
                      "approved",
                      "source",
                    ],
                    "type": "object",
                  },
                  "type": "array",
                },
                {
                  "type": "string",
                },
              ],
            },
            "changed_files": {
              "anyOf": [
                {
                  "items": {
                    "type": "string",
                  },
                  "type": "array",
                },
                {
                  "type": "string",
                },
              ],
            },
            "diff": {
              "type": "string",
            },
            "diff_stat": {
              "type": "string",
            },
            "events": {
              "anyOf": [
                {
                  "items": {
                    "additionalProperties": false,
                    "properties": {
                      "data": {},
                      "seq": {
                        "minimum": 0,
                        "type": "integer",
                      },
                      "timestamp": {
                        "type": "string",
                      },
                      "type": {
                        "type": "string",
                      },
                    },
                    "required": [
                      "seq",
                      "timestamp",
                      "type",
                    ],
                    "type": "object",
                  },
                  "type": "array",
                },
                {
                  "type": "string",
                },
              ],
            },
            "interactions": {
              "anyOf": [
                {
                  "items": {
                    "additionalProperties": false,
                    "properties": {
                      "createdAt": {
                        "type": "string",
                      },
                      "id": {
                        "type": "string",
                      },
                      "kind": {
                        "enum": [
                          "permission",
                          "input",
                        ],
                        "type": "string",
                      },
                      "request": {
                        "additionalProperties": {},
                        "type": "object",
                      },
                      "resolvedAt": {
                        "type": "string",
                      },
                      "response": {
                        "additionalProperties": {},
                        "type": "object",
                      },
                      "status": {
                        "enum": [
                          "pending",
                          "resolved",
                          "cancelled",
                        ],
                        "type": "string",
                      },
                    },
                    "required": [
                      "id",
                      "kind",
                      "status",
                      "createdAt",
                      "request",
                    ],
                    "type": "object",
                  },
                  "type": "array",
                },
                {
                  "type": "string",
                },
              ],
            },
            "risks": {
              "anyOf": [
                {
                  "items": {
                    "type": "string",
                  },
                  "type": "array",
                },
                {
                  "type": "string",
                },
              ],
            },
            "status": {
              "anyOf": [
                {
                  "additionalProperties": false,
                  "properties": {
                    "branch": {
                      "minLength": 1,
                      "type": "string",
                    },
                    "commit_hash": {
                      "pattern": "^[0-9a-f]{40,64}$",
                      "type": "string",
                    },
                    "contract_hash": {
                      "pattern": "^[0-9a-f]{64}$",
                      "type": "string",
                    },
                    "effective_reasoning_effort": {
                      "enum": [
                        "minimal",
                        "low",
                        "medium",
                        "high",
                        "max",
                      ],
                      "type": "string",
                    },
                    "execution_timeout_seconds": {
                      "maximum": 14400,
                      "minimum": 60,
                      "type": "integer",
                    },
                    "integration_command": {
                      "maxLength": 1024,
                      "minLength": 1,
                      "type": "string",
                    },
                    "pause_reason_hash": {
                      "pattern": "^[0-9a-f]{64}$",
                      "type": "string",
                    },
                    "pause_revision": {
                      "minimum": 0,
                      "type": "integer",
                    },
                    "phase": {
                      "type": "string",
                    },
                    "reason": {
                      "type": "string",
                    },
                    "reasonix_session_mode": {
                      "minLength": 1,
                      "type": "string",
                    },
                    "reasonix_work_mode": {
                      "minLength": 1,
                      "type": "string",
                    },
                    "repair_rounds": {
                      "minimum": 0,
                      "type": "integer",
                    },
                    "repository_id": {
                      "minLength": 1,
                      "type": "string",
                    },
                    "requested_reasoning_effort": {
                      "enum": [
                        "minimal",
                        "low",
                        "medium",
                        "high",
                        "max",
                      ],
                      "type": "string",
                    },
                    "review_revision": {
                      "minimum": 0,
                      "type": "integer",
                    },
                    "review_tree_hash": {
                      "pattern": "^[0-9a-f]{40}$",
                      "type": "string",
                    },
                    "session_id": {
                      "minLength": 1,
                      "type": "string",
                    },
                    "source_checkout_integrated": {
                      "const": false,
                      "type": "boolean",
                    },
                    "source_collision": {
                      "additionalProperties": false,
                      "properties": {
                        "baseCommit": {
                          "minLength": 1,
                          "type": "string",
                        },
                        "checkpoint": {
                          "minLength": 1,
                          "type": "string",
                        },
                        "committedPaths": {
                          "items": {
                            "type": "string",
                          },
                          "type": "array",
                        },
                        "detectedAt": {
                          "minLength": 1,
                          "type": "string",
                        },
                        "dirtyPaths": {
                          "items": {
                            "type": "string",
                          },
                          "type": "array",
                        },
                        "overlappingPaths": {
                          "items": {
                            "type": "string",
                          },
                          "type": "array",
                        },
                        "sourceHead": {
                          "minLength": 1,
                          "type": "string",
                        },
                        "unavailable": {
                          "type": "boolean",
                        },
                      },
                      "required": [
                        "checkpoint",
                        "baseCommit",
                        "dirtyPaths",
                        "committedPaths",
                        "overlappingPaths",
                        "unavailable",
                        "detectedAt",
                      ],
                      "type": "object",
                    },
                    "state": {
                      "enum": [
                        "provisioning",
                        "running",
                        "waiting_permission",
                        "waiting_input",
                        "paused",
                        "review_required",
                        "verifying",
                        "completed",
                        "commit_failed",
                        "failed",
                        "cancelled",
                        "closed",
                      ],
                      "type": "string",
                    },
                    "task_id": {
                      "$ref": "#/properties/task_id",
                    },
                    "updated_at": {
                      "minLength": 1,
                      "type": "string",
                    },
                    "worker_lane": {
                      "enum": [
                        "fast",
                        "deep",
                      ],
                      "type": "string",
                    },
                    "worktree": {
                      "minLength": 1,
                      "type": "string",
                    },
                  },
                  "required": [
                    "task_id",
                    "state",
                    "phase",
                    "contract_hash",
                    "repository_id",
                    "branch",
                    "worktree",
                    "worker_lane",
                    "requested_reasoning_effort",
                    "effective_reasoning_effort",
                    "execution_timeout_seconds",
                    "source_checkout_integrated",
                    "repair_rounds",
                    "updated_at",
                  ],
                  "type": "object",
                },
                {
                  "type": "string",
                },
              ],
            },
            "summary": {
              "type": "string",
            },
            "usage": {
              "anyOf": [
                {
                  "additionalProperties": false,
                  "properties": {
                    "cacheHitRatio": {
                      "anyOf": [
                        {
                          "maximum": 1,
                          "minimum": 0,
                          "type": "number",
                        },
                        {
                          "type": "null",
                        },
                      ],
                    },
                    "cacheHitTokens": {
                      "minimum": 0,
                      "type": "number",
                    },
                    "cacheMissTokens": {
                      "minimum": 0,
                      "type": "number",
                    },
                    "completionTokens": {
                      "minimum": 0,
                      "type": "number",
                    },
                    "currency": {
                      "type": [
                        "string",
                        "null",
                      ],
                    },
                    "estimatedCost": {
                      "anyOf": [
                        {
                          "minimum": 0,
                          "type": "number",
                        },
                        {
                          "type": "null",
                        },
                      ],
                    },
                    "promptTokens": {
                      "minimum": 0,
                      "type": "number",
                    },
                    "reasoningTokens": {
                      "minimum": 0,
                      "type": "number",
                    },
                    "usageSource": {
                      "type": "string",
                    },
                  },
                  "required": [
                    "promptTokens",
                    "completionTokens",
                    "reasoningTokens",
                    "cacheHitTokens",
                    "cacheMissTokens",
                    "cacheHitRatio",
                    "estimatedCost",
                    "currency",
                    "usageSource",
                  ],
                  "type": "object",
                },
                {
                  "type": "string",
                },
              ],
            },
            "verification": {
              "anyOf": [
                {
                  "items": {
                    "additionalProperties": false,
                    "properties": {
                      "argv": {
                        "items": {
                          "type": "string",
                        },
                        "type": "array",
                      },
                      "cwd": {
                        "type": "string",
                      },
                      "exitCode": {
                        "anyOf": [
                          {
                            "type": "integer",
                          },
                          {
                            "type": "null",
                          },
                        ],
                      },
                      "finishedAt": {
                        "type": "string",
                      },
                      "id": {
                        "type": "string",
                      },
                      "logPath": {
                        "type": "string",
                      },
                      "outputBytes": {
                        "minimum": 0,
                        "type": "integer",
                      },
                      "passed": {
                        "type": "boolean",
                      },
                      "proves": {
                        "items": {
                          "type": "string",
                        },
                        "type": "array",
                      },
                      "sha256": {
                        "type": "string",
                      },
                      "startedAt": {
                        "type": "string",
                      },
                      "timedOut": {
                        "type": "boolean",
                      },
                    },
                    "required": [
                      "id",
                      "argv",
                      "cwd",
                      "startedAt",
                      "finishedAt",
                      "exitCode",
                      "timedOut",
                      "passed",
                      "proves",
                      "logPath",
                      "sha256",
                      "outputBytes",
                    ],
                    "type": "object",
                  },
                  "type": "array",
                },
                {
                  "type": "string",
                },
              ],
            },
          },
          "type": "object",
        },
        "task_id": {
          "maxLength": 64,
          "minLength": 1,
          "type": "string",
        },
        "truncated": {
          "type": "boolean",
        },
        "updated_at": {
          "minLength": 1,
          "type": "string",
        },
      },
      "required": [
        "task_id",
        "sections",
        "truncated",
        "updated_at",
      ],
      "type": "object",
    },
  },
]
`;
